  Determinando los proyectos que se van a restaurar...
C:\Users\Carlos\source\repos\Nesto\Infrastructure\Infrastructure.csproj : warning NU1902: El paquete "System.IdentityModel.Tokens.Jwt" 6.26.1 tiene una vulnerabilidad de gravedad moderada conocida, https://github.com/advisories/GHSA-59j7-ghrg-fj52 [C:\Users\Carlos\source\repos\Nesto\ControlesUsuario.Tests\ControlesUsuario.Tests.csproj]
  Todos los proyectos están actualizados para la restauración.
C:\Program Files\dotnet\sdk\9.0.306\Microsoft.Common.CurrentVersion.targets(1889,5): warning NU1702: El elemento ProjectReference "C:\Users\Carlos\source\repos\Nesto\Nesto.Models\Models.vbproj" se resolvió con ".NETFramework,Version=v4.8" en lugar de la plataforma de destino del proyecto ".NETCoreApp,Version=v8.0". Puede que el proyecto no sea totalmente compatible con el suyo. [C:\Users\Carlos\source\repos\Nesto\ControlesUsuario.Tests\ControlesUsuario.Tests.csproj]
C:\Program Files\dotnet\sdk\9.0.306\Sdks\Microsoft.NET.Sdk\targets\Microsoft.NET.Sdk.DefaultItems.targets(149,5): warning NETSDK1137: Ya no es necesario usar el SDK de Microsoft.NET.Sdk.WindowsDesktop. Puede cambiar el atributo Sdk del elemento del proyecto raíz a "Microsoft.NET.Sdk". [C:\Users\Carlos\source\repos\Nesto\ControlesUsuario\ControlesUsuario.csproj]
C:\Program Files\dotnet\sdk\9.0.306\Microsoft.Common.CurrentVersion.targets(1889,5): warning NU1702: El elemento ProjectReference "C:\Users\Carlos\source\repos\Nesto\Nesto.Models\Models.vbproj" se resolvió con ".NETFramework,Version=v4.8" en lugar de la plataforma de destino del proyecto ".NETCoreApp,Version=v8.0". Puede que el proyecto no sea totalmente compatible con el suyo. [C:\Users\Carlos\source\repos\Nesto\ControlesUsuario\ControlesUsuario.csproj]
C:\Users\Carlos\source\repos\Nesto\Infrastructure\Infrastructure.csproj : warning NU1902: El paquete "System.IdentityModel.Tokens.Jwt" 6.26.1 tiene una vulnerabilidad de gravedad moderada conocida, https://github.com/advisories/GHSA-59j7-ghrg-fj52
C:\Program Files\dotnet\sdk\9.0.306\Microsoft.Common.CurrentVersion.targets(1889,5): warning NU1702: El elemento ProjectReference "C:\Users\Carlos\source\repos\Nesto\Nesto.Models\Models.vbproj" se resolvió con ".NETFramework,Version=v4.8" en lugar de la plataforma de destino del proyecto ".NETCoreApp,Version=v8.0". Puede que el proyecto no sea totalmente compatible con el suyo. [C:\Users\Carlos\source\repos\Nesto\Infrastructure\Infrastructure.csproj]
  Models -> C:\Users\Carlos\source\repos\Nesto\Nesto.Models\bin\Debug\net48\Models.dll
  Infrastructure -> C:\Users\Carlos\source\repos\Nesto\Infrastructure\bin\Debug\net8.0-windows\Infrastructure.dll
C:\Program Files\dotnet\sdk\9.0.306\Microsoft.Common.CurrentVersion.targets(1889,5): warning NU1702: El elemento ProjectReference "C:\Users\Carlos\source\repos\Nesto\Nesto.Models\Models.vbproj" se resolvió con ".NETFramework,Version=v4.8" en lugar de la plataforma de destino del proyecto ".NETCoreApp,Version=v8.0". Puede que el proyecto no sea totalmente compatible con el suyo. [C:\Users\Carlos\source\repos\Nesto\ControlesUsuario\ControlesUsuario_kzrnhn3w_wpftmp.csproj]
C:\Users\Carlos\source\repos\Nesto\ControlesUsuario\SelectorProveedor\SelectorProveedor.xaml.cs(34,13): warning CS4014: Como esta llamada no es 'awaited', la ejecución del método actual continuará antes de que se complete la llamada. Puede aplicar el operador 'await' al resultado de la llamada. [C:\Users\Carlos\source\repos\Nesto\ControlesUsuario\ControlesUsuario_kzrnhn3w_wpftmp.csproj]
C:\Users\Carlos\source\repos\Nesto\ControlesUsuario\SelectorProveedor\SelectorProveedor.xaml.cs(227,28): warning CS1998: El método asincrónico carece de operadores "await" y se ejecutará de forma sincrónica. Puede usar el operador 'await' para esperar llamadas API que no sean de bloqueo o 'await Task.Run(...)' para hacer tareas enlazadas a la CPU en un subproceso en segundo plano. [C:\Users\Carlos\source\repos\Nesto\ControlesUsuario\ControlesUsuario_kzrnhn3w_wpftmp.csproj]
C:\Users\Carlos\source\repos\Nesto\ControlesUsuario\SelectorProveedor\SelectorProveedor.xaml.cs(277,13): warning CS4014: Como esta llamada no es 'awaited', la ejecución del método actual continuará antes de que se complete la llamada. Puede aplicar el operador 'await' al resultado de la llamada. [C:\Users\Carlos\source\repos\Nesto\ControlesUsuario\ControlesUsuario_kzrnhn3w_wpftmp.csproj]
C:\Users\Carlos\source\repos\Nesto\ControlesUsuario\SelectorFormaPago\SelectorFormaPago.xaml.cs(284,35): warning CS1998: El método asincrónico carece de operadores "await" y se ejecutará de forma sincrónica. Puede usar el operador 'await' para esperar llamadas API que no sean de bloqueo o 'await Task.Run(...)' para hacer tareas enlazadas a la CPU en un subproceso en segundo plano. [C:\Users\Carlos\source\repos\Nesto\ControlesUsuario\ControlesUsuario_kzrnhn3w_wpftmp.csproj]
C:\Users\Carlos\source\repos\Nesto\ControlesUsuario\SelectorFormaPago\SelectorFormaPago.xaml.cs(392,17): warning CS4014: Como esta llamada no es 'awaited', la ejecución del método actual continuará antes de que se complete la llamada. Puede aplicar el operador 'await' al resultado de la llamada. [C:\Users\Carlos\source\repos\Nesto\ControlesUsuario\ControlesUsuario_kzrnhn3w_wpftmp.csproj]
C:\Users\Carlos\source\repos\Nesto\ControlesUsuario\SelectorDireccionEntrega\SelectorDireccionEntrega.xaml.cs(262,17): warning CS4014: Como esta llamada no es 'awaited', la ejecución del método actual continuará antes de que se complete la llamada. Puede aplicar el operador 'await' al resultado de la llamada. [C:\Users\Carlos\source\repos\Nesto\ControlesUsuario\ControlesUsuario_kzrnhn3w_wpftmp.csproj]
C:\Users\Carlos\source\repos\Nesto\ControlesUsuario\SelectorDireccionEntrega\SelectorDireccionEntrega.xaml.cs(331,17): warning CS4014: Como esta llamada no es 'awaited', la ejecución del método actual continuará antes de que se complete la llamada. Puede aplicar el operador 'await' al resultado de la llamada. [C:\Users\Carlos\source\repos\Nesto\ControlesUsuario\ControlesUsuario_kzrnhn3w_wpftmp.csproj]
C:\Users\Carlos\source\repos\Nesto\ControlesUsuario\SelectorDireccionEntrega\SelectorDireccionEntrega.xaml.cs(389,13): warning CS4014: Como esta llamada no es 'awaited', la ejecución del método actual continuará antes de que se complete la llamada. Puede aplicar el operador 'await' al resultado de la llamada. [C:\Users\Carlos\source\repos\Nesto\ControlesUsuario\ControlesUsuario_kzrnhn3w_wpftmp.csproj]
C:\Users\Carlos\source\repos\Nesto\ControlesUsuario\BarraFiltro\BarraFiltro.xaml.cs(80,28): warning CS1998: El método asincrónico carece de operadores "await" y se ejecutará de forma sincrónica. Puede usar el operador 'await' para esperar llamadas API que no sean de bloqueo o 'await Task.Run(...)' para hacer tareas enlazadas a la CPU en un subproceso en segundo plano. [C:\Users\Carlos\source\repos\Nesto\ControlesUsuario\ControlesUsuario_kzrnhn3w_wpftmp.csproj]
C:\Users\Carlos\source\repos\Nesto\ControlesUsuario\BarraFiltro\BarraFiltro.xaml.cs(80,28): warning CS1998: El método asincrónico carece de operadores "await" y se ejecutará de forma sincrónica. Puede usar el operador 'await' para esperar llamadas API que no sean de bloqueo o 'await Task.Run(...)' para hacer tareas enlazadas a la CPU en un subproceso en segundo plano. [C:\Users\Carlos\source\repos\Nesto\ControlesUsuario\ControlesUsuario.csproj]
C:\Users\Carlos\source\repos\Nesto\ControlesUsuario\SelectorDireccionEntrega\SelectorDireccionEntrega.xaml.cs(262,17): warning CS4014: Como esta llamada no es 'awaited', la ejecución del método actual continuará antes de que se complete la llamada. Puede aplicar el operador 'await' al resultado de la llamada. [C:\Users\Carlos\source\repos\Nesto\ControlesUsuario\ControlesUsuario.csproj]
C:\Users\Carlos\source\repos\Nesto\ControlesUsuario\SelectorDireccionEntrega\SelectorDireccionEntrega.xaml.cs(331,17): warning CS4014: Como esta llamada no es 'awaited', la ejecución del método actual continuará antes de que se complete la llamada. Puede aplicar el operador 'await' al resultado de la llamada. [C:\Users\Carlos\source\repos\Nesto\ControlesUsuario\ControlesUsuario.csproj]
C:\Users\Carlos\source\repos\Nesto\ControlesUsuario\SelectorDireccionEntrega\SelectorDireccionEntrega.xaml.cs(389,13): warning CS4014: Como esta llamada no es 'awaited', la ejecución del método actual continuará antes de que se complete la llamada. Puede aplicar el operador 'await' al resultado de la llamada. [C:\Users\Carlos\source\repos\Nesto\ControlesUsuario\ControlesUsuario.csproj]
C:\Users\Carlos\source\repos\Nesto\ControlesUsuario\SelectorProveedor\SelectorProveedor.xaml.cs(34,13): warning CS4014: Como esta llamada no es 'awaited', la ejecución del método actual continuará antes de que se complete la llamada. Puede aplicar el operador 'await' al resultado de la llamada. [C:\Users\Carlos\source\repos\Nesto\ControlesUsuario\ControlesUsuario.csproj]
C:\Users\Carlos\source\repos\Nesto\ControlesUsuario\SelectorProveedor\SelectorProveedor.xaml.cs(227,28): warning CS1998: El método asincrónico carece de operadores "await" y se ejecutará de forma sincrónica. Puede usar el operador 'await' para esperar llamadas API que no sean de bloqueo o 'await Task.Run(...)' para hacer tareas enlazadas a la CPU en un subproceso en segundo plano. [C:\Users\Carlos\source\repos\Nesto\ControlesUsuario\ControlesUsuario.csproj]
C:\Users\Carlos\source\repos\Nesto\ControlesUsuario\SelectorProveedor\SelectorProveedor.xaml.cs(277,13): warning CS4014: Como esta llamada no es 'awaited', la ejecución del método actual continuará antes de que se complete la llamada. Puede aplicar el operador 'await' al resultado de la llamada. [C:\Users\Carlos\source\repos\Nesto\ControlesUsuario\ControlesUsuario.csproj]
C:\Users\Carlos\source\repos\Nesto\ControlesUsuario\SelectorFormaPago\SelectorFormaPago.xaml.cs(284,35): warning CS1998: El método asincrónico carece de operadores "await" y se ejecutará de forma sincrónica. Puede usar el operador 'await' para esperar llamadas API que no sean de bloqueo o 'await Task.Run(...)' para hacer tareas enlazadas a la CPU en un subproceso en segundo plano. [C:\Users\Carlos\source\repos\Nesto\ControlesUsuario\ControlesUsuario.csproj]
C:\Users\Carlos\source\repos\Nesto\ControlesUsuario\SelectorFormaPago\SelectorFormaPago.xaml.cs(392,17): warning CS4014: Como esta llamada no es 'awaited', la ejecución del método actual continuará antes de que se complete la llamada. Puede aplicar el operador 'await' al resultado de la llamada. [C:\Users\Carlos\source\repos\Nesto\ControlesUsuario\ControlesUsuario.csproj]
  ControlesUsuario -> C:\Users\Carlos\source\repos\Nesto\ControlesUsuario\bin\Debug\net8.0-windows\ControlesUsuario.dll
C:\Users\Carlos\source\repos\Nesto\ControlesUsuario.Tests\SelectorDireccionEntregaTestsReales.cs(208,27): warning CS1998: El método asincrónico carece de operadores "await" y se ejecutará de forma sincrónica. Puede usar el operador 'await' para esperar llamadas API que no sean de bloqueo o 'await Task.Run(...)' para hacer tareas enlazadas a la CPU en un subproceso en segundo plano. [C:\Users\Carlos\source\repos\Nesto\ControlesUsuario.Tests\ControlesUsuario.Tests.csproj]
C:\Users\Carlos\source\repos\Nesto\ControlesUsuario.Tests\Services\ServicioDireccionesEntregaTests.cs(27,21): warning MSTEST0006: Preferir "Assert.ThrowsExactly/ThrowsExactlyAsync" en lugar de "[ExpectedException]" (https://learn.microsoft.com/dotnet/core/testing/mstest-analyzers/mstest0006) [C:\Users\Carlos\source\repos\Nesto\ControlesUsuario.Tests\ControlesUsuario.Tests.csproj]
C:\Users\Carlos\source\repos\Nesto\ControlesUsuario.Tests\Services\ServicioDireccionesEntregaTests.cs(37,27): warning MSTEST0006: Preferir "Assert.ThrowsExactly/ThrowsExactlyAsync" en lugar de "[ExpectedException]" (https://learn.microsoft.com/dotnet/core/testing/mstest-analyzers/mstest0006) [C:\Users\Carlos\source\repos\Nesto\ControlesUsuario.Tests\ControlesUsuario.Tests.csproj]
C:\Users\Carlos\source\repos\Nesto\ControlesUsuario.Tests\Services\ServicioDireccionesEntregaTests.cs(53,27): warning MSTEST0006: Preferir "Assert.ThrowsExactly/ThrowsExactlyAsync" en lugar de "[ExpectedException]" (https://learn.microsoft.com/dotnet/core/testing/mstest-analyzers/mstest0006) [C:\Users\Carlos\source\repos\Nesto\ControlesUsuario.Tests\ControlesUsuario.Tests.csproj]
C:\Users\Carlos\source\repos\Nesto\ControlesUsuario.Tests\Services\ServicioDireccionesEntregaTests.cs(69,27): warning MSTEST0006: Preferir "Assert.ThrowsExactly/ThrowsExactlyAsync" en lugar de "[ExpectedException]" (https://learn.microsoft.com/dotnet/core/testing/mstest-analyzers/mstest0006) [C:\Users\Carlos\source\repos\Nesto\ControlesUsuario.Tests\ControlesUsuario.Tests.csproj]
C:\Users\Carlos\source\repos\Nesto\ControlesUsuario.Tests\Services\ServicioDireccionesEntregaTests.cs(85,27): warning MSTEST0006: Preferir "Assert.ThrowsExactly/ThrowsExactlyAsync" en lugar de "[ExpectedException]" (https://learn.microsoft.com/dotnet/core/testing/mstest-analyzers/mstest0006) [C:\Users\Carlos\source\repos\Nesto\ControlesUsuario.Tests\ControlesUsuario.Tests.csproj]
C:\Users\Carlos\source\repos\Nesto\ControlesUsuario.Tests\Services\ServicioDireccionesEntregaTests.cs(101,27): warning MSTEST0006: Preferir "Assert.ThrowsExactly/ThrowsExactlyAsync" en lugar de "[ExpectedException]" (https://learn.microsoft.com/dotnet/core/testing/mstest-analyzers/mstest0006) [C:\Users\Carlos\source\repos\Nesto\ControlesUsuario.Tests\ControlesUsuario.Tests.csproj]
C:\Users\Carlos\source\repos\Nesto\ControlesUsuario.Tests\Services\ServicioDireccionesEntregaTests.cs(117,27): warning MSTEST0006: Preferir "Assert.ThrowsExactly/ThrowsExactlyAsync" en lugar de "[ExpectedException]" (https://learn.microsoft.com/dotnet/core/testing/mstest-analyzers/mstest0006) [C:\Users\Carlos\source\repos\Nesto\ControlesUsuario.Tests\ControlesUsuario.Tests.csproj]
C:\Users\Carlos\source\repos\Nesto\ControlesUsuario.Tests\SelectorDireccionEntregaTestsReales.cs(329,27): warning MSTEST0006: Preferir "Assert.ThrowsExactly/ThrowsExactlyAsync" en lugar de "[ExpectedException]" (https://learn.microsoft.com/dotnet/core/testing/mstest-analyzers/mstest0006) [C:\Users\Carlos\source\repos\Nesto\ControlesUsuario.Tests\ControlesUsuario.Tests.csproj]
  ControlesUsuario.Tests -> C:\Users\Carlos\source\repos\Nesto\ControlesUsuario.Tests\bin\Debug\net8.0-windows\ControlesUsuario.Tests.dll
Serie de pruebas para C:\Users\Carlos\source\repos\Nesto\ControlesUsuario.Tests\bin\Debug\net8.0-windows\ControlesUsuario.Tests.dll (.NETCoreApp,Version=v8.0)
Versión 17.14.1 (x64) de VSTest

Iniciando la ejecución de pruebas, espere...
1 archivos de prueba en total coincidieron con el patrón especificado.
C:\Users\Carlos\source\repos\Nesto\ControlesUsuario.Tests\bin\Debug\net8.0-windows\ControlesUsuario.Tests.dll
  Correctas ShowError_MensajeSimple_SeMantieneIntacto [210 ms]
  Correctas ShowError_MensajeConJSON_MuestraSoloTextoLimpio [5 ms]
  Correctas ShowError_MensajeConArrayJSON_MuestraSoloTextoLimpio [1 ms]
  Correctas ShowError_SoloJSON_SeMantieneIntacto [1 ms]
  Correctas ShowError_MensajeConPuntoFinal_SeLimpiaPunto [1 ms]
  Correctas ShowError_MensajeNullOVacio_SeMantieneIntacto [1 ms]

La serie de pruebas se ejecutó correctamente.
Pruebas totales: 6
     Correcto: 6
 Tiempo total: 2,5184 Segundos
